// Jest Snapshot v1, https://goo.gl/fbAQLP

exports[`Main component should render the heading 1`] = `
.c0 {
  --tw-bg-opacity: 1;
  background-color: rgba(6,9,43,var(--tw-bg-opacity));
  --tw-text-opacity: 1;
  color: rgba(255,255,255,var(--tw-text-opacity));
  width: 100%;
  height: 100%;
  padding: 3rem;
  display: -webkit-box;
  display: -webkit-flex;
  display: -ms-flexbox;
  display: flex;
  -webkit-flex-direction: column;
  -ms-flex-direction: column;
  flex-direction: column;
  text-align: center;
  -webkit-align-items: center;
  -webkit-box-align: center;
  -ms-flex-align: center;
  align-items: center;
  -webkit-box-pack: center;
  -webkit-justify-content: center;
  -ms-flex-pack: center;
  justify-content: center;
}

.c1 {
  width: 24rem;
  margin-bottom: 2rem;
}

.c2 {
  font-size: 2.25rem;
  line-height: 2.5rem;
}

.c3 {
  font-size: 1.875rem;
  line-height: 2.25rem;
  font-weight: 400;
}

.c4 {
  margin-top: 3rem;
  width: min(30rem,100%);
}

<main
  class="c0"
>
  <img
    alt="Átomo na cor branca em um hexágono rosa claro"
    class="c1"
    src="/img/logo.svg"
  />
  <h1
    class="c2"
  >
    React Avançado
  </h1>
  <h2
    class="c3"
  >
    TypeScript, React, Next.js, Styled Components, Tailwind e Material UI
  </h2>
  <img
    alt="Desenvolvedor de software de frente para três telas de computador"
    class="c4"
    src="img/hero-illustration.svg"
  />
</main>
`
